../Core/Src/ApplicationCode.c:30:6:ApplicationInit	8	static
../Core/Src/ApplicationCode.c:49:6:LCD_Visual_Demo	8	static
../Core/Src/ApplicationCode.c:54:6:LCD_startScreen	8	static
../Core/Src/ApplicationCode.c:59:6:LCD_singlePlayerScreen	8	static
../Core/Src/ApplicationCode.c:67:6:LCD_twoPlayerScreen	8	static
../Core/Src/ApplicationCode.c:76:6:LCD_touchedButtonPolling	16	static
../Core/Src/ApplicationCode.c:121:6:LCD_touchedLeftRight	16	static
../Core/Src/ApplicationCode.c:158:6:LCD_Touch_Polling_Demo	8	static
../Core/Src/ApplicationCode.c:175:6:displayCurrentDropCol	16	static
../Core/Src/ApplicationCode.c:199:6:moveChipLeftRight	24	static
../Core/Src/ApplicationCode.c:229:6:dropChip	32	static
../Core/Src/ApplicationCode.c:285:6:checkIfOver	24	static
../Core/Src/ApplicationCode.c:365:6:twoPlayerMode	8	static
../Core/Src/ApplicationCode.c:439:6:ScoreBoardScreen	56	static
../Core/Src/ApplicationCode.c:507:6:pollingForNewGame	24	static
../Core/Src/ApplicationCode.c:568:6:appButton_Int_Init	8	static
../Core/Src/ApplicationCode.c:574:6:EXTI0_IRQHandler	8	static
