../Core/Src/ApplicationCode.c:23:6:ApplicationInit	8	static
../Core/Src/ApplicationCode.c:40:6:LCD_Visual_Demo	8	static
../Core/Src/ApplicationCode.c:45:6:LCD_startScreen	8	static
../Core/Src/ApplicationCode.c:50:6:LCD_singlePlayerScreen	8	static
../Core/Src/ApplicationCode.c:58:6:LCD_twoPlayerScreen	8	static
../Core/Src/ApplicationCode.c:67:6:LCD_touchedButtonPolling	16	static
../Core/Src/ApplicationCode.c:111:6:LCD_touchedLeftRight	16	static
../Core/Src/ApplicationCode.c:157:6:LCD_Touch_Polling_Demo	8	static
../Core/Src/ApplicationCode.c:174:6:displayCurrentDropCol	16	static
../Core/Src/ApplicationCode.c:198:6:moveChipLeftRight	24	static
