../Core/Src/ApplicationCode.c:31:6:ApplicationInit	8	static
../Core/Src/ApplicationCode.c:50:6:LCD_Visual_Demo	8	static
../Core/Src/ApplicationCode.c:55:6:LCD_startScreen	8	static
../Core/Src/ApplicationCode.c:60:6:printGameBoard	16	static
../Core/Src/ApplicationCode.c:73:6:LCD_singlePlayerScreen	8	static
../Core/Src/ApplicationCode.c:82:6:LCD_twoPlayerScreen	8	static
../Core/Src/ApplicationCode.c:92:6:LCD_touchedButtonPolling	16	static
../Core/Src/ApplicationCode.c:138:6:LCD_touchedLeftRight	16	static
../Core/Src/ApplicationCode.c:175:6:LCD_Touch_Polling_Demo	8	static
../Core/Src/ApplicationCode.c:192:6:displayCurrentDropCol	16	static
../Core/Src/ApplicationCode.c:216:6:displayCurrentDropColOnePlayer	16	static
../Core/Src/ApplicationCode.c:233:6:moveChipLeftRight	24	static
../Core/Src/ApplicationCode.c:263:6:moveChipLeftRightOnePlayer	24	static
../Core/Src/ApplicationCode.c:300:6:dropChip	32	static
../Core/Src/ApplicationCode.c:365:6:checkIfOver	24	static
../Core/Src/ApplicationCode.c:445:6:twoPlayerMode	8	static
../Core/Src/ApplicationCode.c:519:6:ScoreBoardScreen	56	static
../Core/Src/ApplicationCode.c:585:6:pollingForNewGame	24	static
../Core/Src/ApplicationCode.c:634:6:AIplayer	64	static
../Core/Src/ApplicationCode.c:1125:6:onePlayerMode	8	static
../Core/Src/ApplicationCode.c:1224:6:appButton_Int_Init	8	static
../Core/Src/ApplicationCode.c:1230:6:EXTI0_IRQHandler	8	static
