../Core/Src/ApplicationCode.c:26:6:ApplicationInit	8	static
../Core/Src/ApplicationCode.c:45:6:LCD_Visual_Demo	8	static
../Core/Src/ApplicationCode.c:50:6:LCD_startScreen	8	static
../Core/Src/ApplicationCode.c:55:6:LCD_singlePlayerScreen	8	static
../Core/Src/ApplicationCode.c:63:6:LCD_twoPlayerScreen	8	static
../Core/Src/ApplicationCode.c:72:6:LCD_touchedButtonPolling	16	static
../Core/Src/ApplicationCode.c:117:6:LCD_touchedLeftRight	16	static
../Core/Src/ApplicationCode.c:163:6:LCD_Touch_Polling_Demo	8	static
../Core/Src/ApplicationCode.c:180:6:displayCurrentDropCol	16	static
../Core/Src/ApplicationCode.c:204:6:moveChipLeftRight	24	static
../Core/Src/ApplicationCode.c:234:6:dropChip	32	static
../Core/Src/ApplicationCode.c:290:6:checkIfOver	24	static
../Core/Src/ApplicationCode.c:365:6:twoPlayerMode	8	static
../Core/Src/ApplicationCode.c:444:6:appButton_Int_Init	8	static
../Core/Src/ApplicationCode.c:450:6:EXTI0_IRQHandler	8	static
