../Core/Src/ApplicationCode.c:31:6:ApplicationInit	8	static
../Core/Src/ApplicationCode.c:50:6:LCD_Visual_Demo	8	static
../Core/Src/ApplicationCode.c:55:6:LCD_startScreen	8	static
../Core/Src/ApplicationCode.c:60:6:printGameBoard	16	static
../Core/Src/ApplicationCode.c:85:6:LCD_singlePlayerScreen	8	static
../Core/Src/ApplicationCode.c:94:6:LCD_twoPlayerScreen	8	static
../Core/Src/ApplicationCode.c:104:6:LCD_touchedButtonPolling	16	static
../Core/Src/ApplicationCode.c:150:6:LCD_touchedLeftRight	16	static
../Core/Src/ApplicationCode.c:187:6:LCD_Touch_Polling_Demo	8	static
../Core/Src/ApplicationCode.c:204:6:displayCurrentDropCol	16	static
../Core/Src/ApplicationCode.c:228:6:displayCurrentDropColOnePlayer	16	static
../Core/Src/ApplicationCode.c:245:6:moveChipLeftRight	24	static
../Core/Src/ApplicationCode.c:275:6:moveChipLeftRightOnePlayer	24	static
../Core/Src/ApplicationCode.c:312:6:dropChip	32	static
../Core/Src/ApplicationCode.c:377:6:checkIfOver	24	static
../Core/Src/ApplicationCode.c:457:6:twoPlayerMode	8	static
../Core/Src/ApplicationCode.c:541:6:ScoreBoardScreen	56	static
../Core/Src/ApplicationCode.c:607:6:pollingForNewGame	24	static
../Core/Src/ApplicationCode.c:656:6:AIplayer	64	static
../Core/Src/ApplicationCode.c:1147:6:onePlayerMode	8	static
../Core/Src/ApplicationCode.c:1256:6:appButton_Int_Init	8	static
../Core/Src/ApplicationCode.c:1262:6:EXTI0_IRQHandler	8	static
