../Core/Src/ApplicationCode.c:25:6:ApplicationInit	8	static
../Core/Src/ApplicationCode.c:44:6:LCD_Visual_Demo	8	static
../Core/Src/ApplicationCode.c:49:6:LCD_startScreen	8	static
../Core/Src/ApplicationCode.c:54:6:LCD_singlePlayerScreen	8	static
../Core/Src/ApplicationCode.c:62:6:LCD_twoPlayerScreen	8	static
../Core/Src/ApplicationCode.c:71:6:LCD_touchedButtonPolling	16	static
../Core/Src/ApplicationCode.c:116:6:LCD_touchedLeftRight	16	static
../Core/Src/ApplicationCode.c:162:6:LCD_Touch_Polling_Demo	8	static
../Core/Src/ApplicationCode.c:179:6:displayCurrentDropCol	16	static
../Core/Src/ApplicationCode.c:203:6:moveChipLeftRight	24	static
../Core/Src/ApplicationCode.c:233:6:dropChip	32	static
../Core/Src/ApplicationCode.c:284:6:checkIfOver	24	static
../Core/Src/ApplicationCode.c:339:6:twoPlayerMode	16	static
../Core/Src/ApplicationCode.c:376:6:appButton_Int_Init	8	static
../Core/Src/ApplicationCode.c:382:6:EXTI0_IRQHandler	8	static
