../Core/Src/LCD_Driver.c:33:6:LCD_GPIO_Init	56	static
../Core/Src/LCD_Driver.c:116:6:LTCD_Layer_Init	72	static
../Core/Src/LCD_Driver.c:143:6:clearScreen	8	static
../Core/Src/LCD_Driver.c:148:6:LTCD__Init	8	static
../Core/Src/LCD_Driver.c:207:6:LCD_Draw_Pixel	16	static
../Core/Src/LCD_Driver.c:217:6:LCD_Draw_Circle_Fill	32	static
../Core/Src/LCD_Driver.c:231:6:LCD_Draw_Box_Fill	32	static
../Core/Src/LCD_Driver.c:239:6:LCD_Draw_Vertical_Line	32	static
../Core/Src/LCD_Driver.c:247:6:LCD_Clear	24	static
../Core/Src/LCD_Driver.c:258:6:LCD_SetTextColor	16	static
../Core/Src/LCD_Driver.c:264:6:LCD_SetFont	16	static
../Core/Src/LCD_Driver.c:270:6:LCD_Draw_Char	24	static
../Core/Src/LCD_Driver.c:290:6:LCD_DisplayChar	16	static
../Core/Src/LCD_Driver.c:296:6:LCD_DisplayNum	16	static
../Core/Src/LCD_Driver.c:302:6:visualDemo	24	static
../Core/Src/LCD_Driver.c:353:6:startScreen	16	static
../Core/Src/LCD_Driver.c:458:6:singlePlayerScreen	16	static
../Core/Src/LCD_Driver.c:527:6:twoPlayerScreen	16	static
../Core/Src/LCD_Driver.c:600:6:LCD_Error_Handler	4	static,ignoring_inline_asm
../Core/Src/LCD_Driver.c:615:6:InitializeLCDTouch	8	static
../Core/Src/LCD_Driver.c:623:18:returnTouchStateAndLocation	16	static
../Core/Src/LCD_Driver.c:628:6:DetermineTouchPosition	16	static
../Core/Src/LCD_Driver.c:633:9:ReadRegisterFromTouchModule	16	static
../Core/Src/LCD_Driver.c:638:6:WriteDataToTouchModule	16	static
